==============================================================================
Tests                                                                         
==============================================================================
Tests.Demo                                                                    
==============================================================================
Sum values from list                                                  15
| PASS |
------------------------------------------------------------------------------
Tests.Demo                                                            | PASS |
1 test, 1 passed, 0 failed
==============================================================================
Tests                                                                 | PASS |
1 test, 1 passed, 0 failed
==============================================================================
Output:  C:\Users\HP\PycharmProjects\RobotFramework\tests\pabot_results\1\output.xml
