==============================================================================
Tests                                                                         
==============================================================================
Tests.testDemo8                                                               
==============================================================================
Play around Dictionary                                                | PASS |
------------------------------------------------------------------------------
Add book into the database                                            | PASS |
------------------------------------------------------------------------------
Get the book details which you added                                  | PASS |
------------------------------------------------------------------------------
Delete the book from database                                         | PASS |
------------------------------------------------------------------------------
Tests.testDemo8                                                       | PASS |
4 tests, 4 passed, 0 failed
==============================================================================
Tests                                                                 | PASS |
4 tests, 4 passed, 0 failed
==============================================================================
Output:  C:\Users\HP\PycharmProjects\RobotFramework\tests\pabot_results\8\output.xml
