==============================================================================
Tests                                                                         
==============================================================================
Tests.testDemo7 :: To validate the login form                                 
==============================================================================
Validate UnSuccessful login                                           | PASS |
------------------------------------------------------------------------------
Validate Cards display in the shopping page                           | PASS |
------------------------------------------------------------------------------
Select the form and fill login details                                | PASS |
------------------------------------------------------------------------------
Tests.testDemo7 :: To validate the login form                         | PASS |
3 tests, 3 passed, 0 failed
==============================================================================
Tests                                                                 | PASS |
3 tests, 3 passed, 0 failed
==============================================================================
Output:  C:\Users\HP\PycharmProjects\RobotFramework\tests\pabot_results\7\output.xml
