==============================================================================
Tests                                                                         
==============================================================================
Tests.testDemo1 :: To validate the login form                                 
==============================================================================
Validate UnSuccessful login                                           | PASS |
------------------------------------------------------------------------------
Tests.testDemo1 :: To validate the login form                         | PASS |
1 test, 1 passed, 0 failed
==============================================================================
Tests                                                                 | PASS |
1 test, 1 passed, 0 failed
==============================================================================
Output:  C:\Users\HP\PycharmProjects\RobotFramework\tests\pabot_results\2\output.xml
