==============================================================================
Tests                                                                         
==============================================================================
Tests.testDemo4 :: To validate the login form                                 
==============================================================================
Invalid username                                                      | PASS |
------------------------------------------------------------------------------
Invalid password                                                      | PASS |
------------------------------------------------------------------------------
special characters                                                    | PASS |
------------------------------------------------------------------------------
Tests.testDemo4 :: To validate the login form                         | PASS |
3 tests, 3 passed, 0 failed
==============================================================================
Tests                                                                 | PASS |
3 tests, 3 passed, 0 failed
==============================================================================
Output:  C:\Users\HP\PycharmProjects\RobotFramework\tests\pabot_results\5\output.xml
