==============================================================================
Tests                                                                         
==============================================================================
Tests.testDemo2 :: To validate the login form                                 
==============================================================================
Validate UnSuccessful login                                           | PASS |
------------------------------------------------------------------------------
Validate Cards display in the shopping page                           | PASS |
------------------------------------------------------------------------------
Select the form and fill login details                                  
  Traceback (most recent call last):
    ~~~~~~~~~~~~~~~~~~~~~~~~~~~~~~~~~~~~~~~~~~~~~~~~~~~~~~~~~~~~~~~~~~~~~~~~~~
    File  C:\Users\HP\PycharmProjects\RobotFramework\tests\testDemo2.robot:29
    T:  Select the form and fill login details    
    ~~~~~~~~~~~~~~~~~~~~~~~~~~~~~~~~~~~~~~~~~~~~~~~~~~~~~~~~~~~~~~~~~~~~~~~~~~
    File  C:\Users\HP\PycharmProjects\RobotFramework\tests\testDemo2.robot:30
      Fill the login details and login form    
    ~~~~~~~~~~~~~~~~~~~~~~~~~~~~~~~~~~~~~~~~~~~~~~~~~~~~~~~~~~~~~~~~~~~~~~~~~~
    File  C:\Users\HP\PycharmProjects\RobotFramework\tests\testDemo2.robot:82
      Wait Until Element Is Visible    xpath://button[@id='okayBtn']
______________________________________________________________________________
| FAIL |
Element 'xpath://button[@id='okayBtn']' not visible after 5 seconds.
------------------------------------------------------------------------------
Tests.testDemo2 :: To validate the login form                         | FAIL |
3 tests, 2 passed, 1 failed
==============================================================================
Tests                                                                 | FAIL |
3 tests, 2 passed, 1 failed
==============================================================================
Output:  C:\Users\HP\PycharmProjects\RobotFramework\tests\pabot_results\3\output.xml
