==============================================================================
Tests                                                                         
==============================================================================
Tests.testDemo5 :: To validate the login form                                 
==============================================================================
Invalid username                                                      | PASS |
------------------------------------------------------------------------------
Invalid password                                                      | PASS |
------------------------------------------------------------------------------
special characters                                                    | PASS |
------------------------------------------------------------------------------
Login with user 1234 and password qwerty                              | PASS |
------------------------------------------------------------------------------
Tests.testDemo5 :: To validate the login form                         | PASS |
4 tests, 4 passed, 0 failed
==============================================================================
Tests                                                                 | PASS |
4 tests, 4 passed, 0 failed
==============================================================================
Output:  C:\Users\HP\PycharmProjects\RobotFramework\tests\pabot_results\6\output.xml
